[sedip.de/index.html]
[backblue.gif]
[fade.gif]
[index.html]
[sedip.de/favicon.ico]
[sedip.de/assets/default/css/w3.css]
[sedip.de/assets/default/css/style.css]
[sedip.de/assets/default/css/magnific-popup.css]
[sedip.de/assets/default/css/jquery.bxslider.min.css]
[sedip.de/assets/default/js/jquery.3.2.0.js]
[sedip.de/assets/default/js/Hyphenopoly_Loader.js]
[sedip.de/assets/default/js/jquery.magnific-popup.min.js]
[sedip.de/assets/default/js/jquery.bxslider.min.js]
[sedip.de/startseited264.jpg_;]
[code.jquery.com/jquery-3.2.0.min.js]
[sedip.de/termine/index.html]
[sedip.de/angebote/index.html]
[sedip.de/assets/default/js/scripts.js]
[sedip.de/index.html]
[sedip.de/favicon.html]
[sedip.de/assets/default/css/w3.css]
[sedip.de/shop/index.html]
[sedip.de/sedip-rundbrief/index.html]
[sedip.de/persoenlicher-login/index.html]
[sedip.de/kontakt/index.html]
[sedip.de/assets/default/img/logo.png]
[sedip.de/assets/default/css/style.css]
[sedip.de/unsere-basis/theorie/index.html]
[sedip.de/unsere-basis/einfuehrung/index.html]
[sedip.de/unsere-basis/methode/index.html]
[sedip.de/unsere-basis/wirkung/index.html]
[sedip.de/assets/default/css/magnific-popup.css]
[sedip.de/unsere-basis/bep-ki/index.html]
[sedip.de/unsere-basis/literatur/index.html]
[sedip.de/unsere-basis/weiterbildung/index.html]
[sedip.de/unsere-basis/netzwerk/index.html]
[sedip.de/unsere-werkzeuge/was-heisst-und-was-ist-bep-ki/index.html]
[sedip.de/unsere-werkzeuge/besondere-qualitaeten-des-bep-ki/index.html]
[sedip.de/unsere-werkzeuge/erhebungsweise-auswertung-und-interpretation/index.html]
[sedip.de/unsere-werkzeuge/aufbau/index.html]
[sedip.de/assets/default/css/images/bx_loader.gif]
[sedip.de/assets/default/css/images/controls.png]
[sedip.de/assets/default/css/jquery.bxslider.min.css]
[sedip.de/unsere-basis/index.html]
[sedip.de/unsere-werkzeuge/index.html]
[sedip.de/unsere-werkzeuge/weiterbildung/index.html]
[sedip.de/unsere-organisation/index.html]
[sedip.de/unsere-organisation/zweck-der-stiftung/index.html]
[sedip.de/unsere-organisation/gemeinnuetzigkeit-der-stiftung/index.html]
[sedip.de/unsere-organisation/entwicklung-der-stiftung/index.html]
[sedip.de/ehrenamtliche-mitarbeiter/index.html]
[sedip.de/unsere-organisation/die-in-der-stiftung-verantwortlich-handelnden-personen/index.html]
[sedip.de/angebote/vortraege/index.html]
[sedip.de/angebote/fortbildungen-efb/index.html]
[sedip.de/angebote/fortbildungen-bep-ki/index.html]
[sedip.de/angebote/workshops/index.html]
[sedip.de/sedip_grafik192f8.png_;]
[sedip.de/angebote/referent-innen/index.html]
[sedip.de/shop/literatur/index.html]
[sedip.de/media/08_der_beginn_des_denkens.pdf]
[sedip.de/termine/index.html]
[sedip.de/shop/arbeitshilfen/index.html]
[sedip.de/angebote/index.html]
[sedip.de/bildergalerie/index.html]
[sedip.de/bildergalerie/fachtag-mit-buchpraesentation-am-20-21102017/index.html]
[sedip.de/bildergalerie/mitarbeitertag-am-11-mai-2017/index.html]
[sedip.de/archiv/index.html]
[sedip.de/media/2021-10_vp_rundbrief_nr.15.pdf]
[sedip.de/kooperationen/index.html]
[sedip.de/kooperationen/musikbasierte-kommunikation/index.html]
[sedip.de/media/2021-05-20_vp_rundbrie_nr._14.pdf]
[sedip.de/sedip-rundbrief/index.html]
[sedip.de/impressum/index.html]
[sedip.de/shop/index.html]
[sedip.de/datenschutz/index.html]
[sedip.de/ehrenamtliche-mitarbeiter/suche-ehrenamtliche-mitarbeiter/index.html]
[sedip.de/unsere-organisation/unsere-organisation/index.html]
[sedip.de/kontakt/index.html]
[sedip.de/angebote/fortbildungen-efb/seminar-efb-025/index.html]
[sedip.de/termine/prinzipien-der-entwicklungspsychologisch-orientierten-diagnostik-19-20112021/index.html]
[sedip.de/termine/dann-ist-es-ploetzlich-wieder-da-08022022/index.html]
[sedip.de/termine/begreifen-kommt-von-greifen-18112021/index.html]
[sedip.de/termine/rudern-zwei-ein-boot-02122021/index.html]
[sedip.de/media/2019-08-07_arbeitsblaetter_zugriff.pdf]
[sedip.de/persoenlicher-login/index.html]
[sedip.de/termine/das-bestimme-ich-18012022/index.html]
[sedip.de/termine/entwicklungschancen-eroeffnen-25012022/index.html]
[sedip.de/termine/hol-mich-da-ab-wo-ich-stehe-26012022/index.html]
[sedip.de/termine/leben-lernen-und-arbeiten-in-gruppen-27012022/index.html]
[sedip.de/termine/musikalisch-ist-07032022/index.html]
[sedip.de/termine/das-trau-ich-mir-zu-maerz-2022/index.html]
[sedip.de/termine/heute-gibt-es-gewitter-08042022/index.html]
[sedip.de/bs_lu0a58.jpg_;]
[sedip.de/unsere-basis/einfuehrung/index.html]
[sedip.de/termine/mich-wirft-so-schnell-nichts-um-sicher-bindung-27042022/index.html]
[sedip.de/termine/tabuthema-einsamkeit-12052022/index.html]
[sedip.de/termine/vom-kritzeln-malen-und-zeichnen-22062022/index.html]
[sedip.de/termine/handeln-in-herausfordernden-situationen-14072022/index.html]
[sedip.de/versteinerung_112bc.jpg_;]
[sedip.de/unsere-basis/theorie/index.html]
[sedip.de/schieber_783fb.jpg_;]
[sedip.de/unsere-basis/methode/index.html]
[sedip.de/termine/efb-grundkurs-herrenberg-2022-2023/index.html]
[sedip.de/angebote/fortbildungen-efb/seminar-efb-001/index.html]
[sedip.de/aepfel60bf.jpg_;]
[sedip.de/unsere-basis/wirkung/index.html]
[sedip.de/termine/schau-genau-hin-herbst-2022/index.html]
[sedip.de/dimensionen_kristall_1d046.jpg_;]
[sedip.de/unsere-basis/bep-ki/index.html]
[sedip.de/media/urbat_h_arbeit_und_efb_menschen_2-2021.pdf]
[sedip.de/media/hirscher_m_doris_menschen_2-2021.pdf]
[sedip.de/media/heigl_g_beziehung_wirkt_und_bewirkt_menschen_2-2021.pdf]
[sedip.de/media/senckel_b_diana_menschen_2-2021.pdf]
[sedip.de/media/luxen_u_...._den_boden_bereiten_menschen_2-2021.pdf]
[sedip.de/media/senckel_b_wer_ich_sagt_...tps_05_21.pdf]
[sedip.de/media/senckel_b_gesetz_trifft_gnade_tps_spezial_4_21.pdf]
[sedip.de/media/senckel_b_das_verlorene_paradies_tps_02_21.pdf]
[sedip.de/media/senckel_b_mit_der_goldenen_gans_..._tps_11_20.pdf]
[sedip.de/media/senckel_b_urvertrauen_tps_spezial_10_20.pdf]
[sedip.de/media/senckel_b_ich_sprang_nur..._tps_9_20.pdf]
[sedip.de/media/heigl_g_senckel_b_2020_wie-soll-ich-das-verstehen.pdf]
[sedip.de/media/luxen_u_senckel_b_2020_wahrnehmen_mit_dem_entwicklungsfreundlichen_blick.pdf]
[sedip.de/media/senckel_b_2020_o_du_esel.pdf]
[sedip.de/media/senckel_b_2020_interpretation_zu_o_du_esel.pdf]
[sedip.de/media/senckel_b_2019_durch_den_tunnel.pdf]
[sedip.de/media/senckel_b_2016_beziehung_heisst_das_zauberwort.pdf]
[sedip.de/media/senckel_b_2015_ich_sag_es_dir....pdf]
[sedip.de/media/senckel_b_2014_-bernd-_behinderte_menschen_6_14.pdf]
[sedip.de/media/senckel_b_bourcarde_a_2014_gemeinsam_den_weg_finden.pdf]
[sedip.de/media/luxen_u_-pohlmann_s_-seckel_b_2013_neubeginn-sonja-g.pdf]
[sedip.de/media/senckel_b_2013_bein_oder_ohr_autorenfassung_.pdf]
[sedip.de/media/held_b_senckel_b_2011_giulana_autorenfassung_.pdf]
[sedip.de/media/luxen_u_senckel_b_2011_bep-ki.pdf]
[sedip.de/media/senckel_pohlmann_2008.pdf]
[sedip.de/media/senckel_b_2008_wunden_die_die_zeit_nicht_heilt_autorenfassung_.pdf]
[sedip.de/media/senckel_b_2007_eine_heilpaed._maxime_-_anderssein.pdf]
[sedip.de/media/senckel_b_2001_efb_fuer_verhaltensauffaelligkeit.pdf]
[sedip.de/media/luxen_u_senckel_s_1999_efb_und_transfer_psychotherapeutischer_konzepte_methoden.pdf]
[sedip.de/media/luxen_u_senckel_b_1996_wer_mag_mich_schon_wirklich.pdf]
[sedip.de/unsere-basis/literatur/index.html]
[sedip.de/weiterbildung-figurd393.jpg_;]
[sedip.de/indexf79d.php]
[sedip.de/unsere-basis/weiterbildung/index.html]
[sedip.de/unsere-basis/netzwerk/index.html]
[sedip.de/unsere-werkzeuge/was-heisst-und-was-ist-bep-ki/index.html]
[sedip.de/unsere-werkzeuge/aufbau/index.html]
[sedip.de/unsere-werkzeuge/erhebungsweise-auswertung-und-interpretation/index.html]
[sedip.de/unsere-werkzeuge/besondere-qualitaeten-des-bep-ki/index.html]
[sedip.de/unsere-werkzeuge/weiterbildung/index.html]
[sedip.de/unsere-organisation/zweck-der-stiftung/index.html]
[sedip.de/unsere-organisation/gemeinnuetzigkeit-der-stiftung/index.html]
[sedip.de/unsere-organisation/entwicklung-der-stiftung/index.html]
[sedip.de/unsere-basis/weiterbildung/grundkurs/index.html]
[sedip.de/unsere-basis/weiterbildung/aufbaukurs/index.html]
[sedip.de/ulc589.jpg_;]
[sedip.de/archiv/entwicklung-der-stiftung-2015-2017/index.html]
[sedip.de/bsa51c.jpg_;]
[sedip.de/khs7d0f.jpg_;]
[sedip.de/portraet_b1356a35.jpg_;]
[sedip.de/verena_paravani_141x176_a1d0.jpg_;]
[sedip.de/alexandra_schaal_141x176_79e9.jpg_;]
[sedip.de/unsere-organisation/die-in-der-stiftung-verantwortlich-handelnden-personen/index.html]
[sedip.de/redaxo/sedip_grafik192f8.png_;]
[sedip.de/angebote/vortraege/index.html]
[sedip.de/angebote/fortbildungen-efb/index.html]
[sedip.de/angebote/fortbildungen-efb/seminar-efb-011/index.html]
[sedip.de/anfrage/bep-ki-v002-der-entwicklungsfreundliche-blick-kompetenzen-erkennen-und-entfalten/index.html]
[sedip.de/angebote/fortbildungen-efb/seminar-efb-012/index.html]
[sedip.de/angebote/fortbildungen-efb/seminar-efb-021/index.html]
[sedip.de/angebote/fortbildungen-bep-ki/index.html]
[sedip.de/angebote/fortbildungen-efb/seminar-efb-022/index.html]
[sedip.de/angebote/fortbildungen-efb/seminar-efb-023/index.html]
[sedip.de/angebote/fortbildungen-efb/seminar-efb-024/index.html]
[sedip.de/angebote/fortbildungen-efb/seminar-efb-026/index.html]
[sedip.de/angebote/workshops/index.html]
[sedip.de/angebote/fortbildungen-efb/seminar-efb-027/index.html]
[sedip.de/angebote/fortbildungen-bep-ki/seminar-bep-ki-k-005/index.html]
[sedip.de/angebote/fortbildungen-bep-ki/seminar-bep-ki-k-006/index.html]
[sedip.de/angebote/fortbildungen-bep-ki/seminar-bep-ki-k-004/index.html]
[sedip.de/angebote/fortbildungen-bep-ki/seminar-bep-ki-k-007/index.html]
[sedip.de/angebote/fortbildungen-bep-ki/seminar-bep-ki-k-010/index.html]
[sedip.de/angebote/fortbildungen-bep-ki/seminar-bep-ki-k-008/index.html]
[sedip.de/redaxo/deubner3d3f.jpg_;]
[sedip.de/anfrage/bep-ki-w001-der-entwicklungsfreundliche-blick-kompetenzen-erkennen-und-entfalten/index.html]
[sedip.de/anfrage/bep-ki-w002-entwicklungsfreundliche-diagnostik/index.html]
[sedip.de/redaxo/frehndeee.jpg_;]
[sedip.de/anfrage/bep-ki-w003-das-bep-ki-ein-instrument-zur-erfassung-des-entwicklungsstandes-planung-paedagogischer-interventionen-und-dokumentation-von-entwicklungsschritten/index.html]
[sedip.de/redaxo/hirscherd351.jpg_;]
[sedip.de/redaxo/heigel43f3.jpg_;]
[sedip.de/kaukers_hilke_135x202528f.jpg_;]
[sedip.de/jagoschinski_bianca_135x203a1df.jpg_;]
[sedip.de/redaxo/lamprechtd723.jpg_;]
[sedip.de/redaxo/quiringf1a3.jpg_;]
[sedip.de/redaxo/urbat30b6.jpg_;]
[sedip.de/angebote/referent-innen/index.html]
[sedip.de/als_die_tiere_in_den_wald_zogen_100x1425dc3.jpg_;]
[sedip.de/der_entwicklungsfreundliche_blick_100x144ed1d.jpg_;]
[sedip.de/wie_kinder_sich_die_welt_erschliessen_100x1532ff3.jpg_;]
[sedip.de/du_bist_ein_weiter_baum_100x158e126.jpg_;]
[sedip.de/mit_geistig_behinderten_leben_und_arbeiten_100x1827484.jpg_;]
[sedip.de/shop/literatur/index.html]
[sedip.de/media/vorschau_plakat_efb.jpg]
[sedip.de/plakat100x1423dac.jpg_;]
[sedip.de/bep-ki-k_cd_155x1407e14.jpg_;]
[sedip.de/shop/arbeitshilfen/index.html]
[sedip.de/bildergalerie/index.html]
[sedip.de/bildergalerie/fachtag-mit-buchpraesentation-am-20-21102017/index.html]
[sedip.de/anfrage/indexb9d6.html]
[sedip.de/anfrage/index7920.html]
[sedip.de/sedip-landgutburg17-44-web2aea.jpg_;]
[sedip.de/die_sedip-mannschaft_600_8650.jpg_;]
[sedip.de/sedip-landgutburg17-27-web0900.jpg_;]
[sedip.de/ulrike_luxen-vorschauc3d9.jpg_;]
[sedip.de/sedip-landgutburg17-33-web70c7.jpg_;]
[sedip.de/barbara_senckel-vorschau7b74.jpg_;]
[sedip.de/sedip-landgutburg17-18-web6666.jpg_;]
[sedip.de/karl_heinrich_senckel-vorschau9dbc.jpg_;]
[sedip.de/sedip-landgutburg17-9-webcfd4.jpg_;]
[sedip.de/verena_paravani-vorschau53ec.jpg_;]
[sedip.de/sedip-landgutburg17-23-web98d2.jpg_;]
[sedip.de/alexandra_schaal-vorschaub209.jpg_;]
[sedip.de/sedip-landgutburg17-28-webde4e.jpg_;]
[sedip.de/thomas_bartling-vorschau0ecc.jpg_;]
[sedip.de/sedip-landgutburg17-6-webfb0f.jpg_;]
[sedip.de/traugott_ziwich-vorschaud9c5.jpg_;]
[sedip.de/bildergalerie/mitarbeitertag-am-11-mai-2017/index.html]
[sedip.de/image0023c0c.jpg_;]
[sedip.de/media/fachtag_bathildisheim_entwicklungsfreundliche_diagnostik.pdf]
[sedip.de/archiv/index.html]
[sedip.de/kooperationen/index.html]
[sedip.de/archiv/rundbriefe-archiv/index.html]
[sedip.de/logo8c55.jpg_;]
[sedip.de/images/original/elisabeth_dimitow_230x170.jpg_;]
[sedip.de/images/small/elisabeth_dimitow_230x170.jpg_;]
[sedip.de/images/original/thomas_grund_230_1.jpg_;]
[sedip.de/images/small/thomas_grund_230_1.jpg_;]
[sedip.de/images/original/hansjoerg_meyer_230x163.jpg_;]
[sedip.de/images/small/hansjoerg_meyer_230x163.jpg_;]
[sedip.de/images/original/lisa_muehlbauer_230.jpg_;]
[sedip.de/images/small/lisa_muehlbauer_230.jpg_;]
[sedip.de/kooperationen/musikbasierte-kommunikation/index.html]
[sedip.de/impressum/index.html]
[sedip.de/datenschutz/index.html]
[sedip.de/redaxo/indexb554.html]
[sedip.de/media/2021-08_vorstand.pdf]
[sedip.de/media/2021-08_financial_controler.pdf]
[sedip.de/media/2021-08_sponsorensuche.pdf]
[sedip.de/media/2021-08_kundenbetreuung.pdf]
[sedip.de/media/2021-08_technischer_support_1.pdf]
[sedip.de/media/2021-08_betreuung_internetseite.pdf]
[sedip.de/media/2021-08_buero.pdf]
[sedip.de/ehrenamtliche-mitarbeiter/suche-ehrenamtliche-mitarbeiter/index.html]
[sedip.de/unsere-organisation/unsere-organisation/index.html]
[sedip.de/media/2021-04-08_angebotsbeschreibung_zum_download_efb_025_traumafolgestoerung.pdf]
[sedip.de/angebote/fortbildungen-efb/seminar-efb-025/index.html]
[sedip.de/media/06_traumafolgestoerungen_1.pdf]
[sedip.de/media/2020-04-14_vp_teilnahmebedingungen_bis_4_tage.pdf]
[sedip.de/termine/dann-ist-es-ploetzlich-wieder-da-08022022/index.html]
[sedip.de/termine/anmeldung/dann-ist-es-ploetzlich-wieder-da-traumafolgestoerungen-entwicklungsfreundlich-begegnen-08022022-beginn-1600-uhr/index.html]
[sedip.de/media/03_begreifen_kommt_von_greifen_1.pdf]
[sedip.de/termine/begreifen-kommt-von-greifen-18112021/index.html]
[sedip.de/termine/prinzipien-der-entwicklungspsychologisch-orientierten-diagnostik-19-20112021/index.html]
[sedip.de/media/04_rudern_zwei_ein_boot_1.pdf]
[sedip.de/termine/rudern-zwei-ein-boot-02122021/index.html]
[sedip.de/termine/die-angst-im-nacken-15102021/index.html]
[sedip.de/termine/anmeldung/begreifen-kommt-von-greifen-wie-kann-ich-mit-sensomotorischer-intelligenz-die-welt-verstehen-18112021-beginn-1630-uhr/index.html]
[sedip.de/termine/anmeldung/prinzipien-der-entwicklungspsychologisch-orientierten-diagnostik-19-20112021-beginn-0000-ende0000-uhr-eah/index.html]
[sedip.de/termine/anmeldung/rudern-zwei-ein-boot-das-spannungsfeld-von-bindungs-und-autonomiebeduerfnissen-02122021-beginn-1600-uhr/index.html]
[sedip.de/index.79a0f4.delayed]
[sedip.de/termine/das-bestimme-ich-18012022/index.html]
[sedip.de/media/2020-07-28_vp_verhaltensempfehlung_der_sedip_stiftung_covid19.pdf]
[sedip.de/termine/anmeldung/entwicklungschancen-eroeffnen-fuer-menschen-mit-besonderem-betreuungsbedarf-25012022-beginn-0900-uhr-ende-1700-uhr-sedip/index.html]
[sedip.de/media/2018-01-16_vp_khs_storno-_und_ruecktrittsbedingungen_bis_4_tage_1.pdf]
[sedip.de/termine/entwicklungschancen-eroeffnen-25012022/index.html]
[sedip.de/termine/hol-mich-da-ab-wo-ich-stehe-26012022/index.html]
[sedip.de/media/05_leben_lernen_und_arbeiten_in_gruppen.docx]
[sedip.de/termine/leben-lernen-und-arbeiten-in-gruppen-27012022/index.html]
[sedip.de/media/07_musikbasierte_kommunikation_1.pdf]
[sedip.de/termine/musikalisch-ist-07032022/index.html]
[sedip.de/termine/das-trau-ich-mir-zu-maerz-2022/index.html]
[sedip.de/termine/anmeldung/hol-mich-da-ab-wo-ich-stehe-diagnostik-mit-dem-entwicklungsfreundlichen-blick-26012022-beginn-900-uhr-ende-1700-uhr-sedip-stiftung/index.html]
[sedip.de/termine/anmeldung/leben-lernen-und-arbeiten-in-gruppen-problem-motivation-oder-beides-27012022-beginn-1630-uhr/index.html]
[sedip.de/termine/anmeldung/das-trau-ich-mir-zu-methodisch-didaktische-prinzipien-der-gestaltung-von-seminaren-voraussichtlich-maerz-2022-sedip-stiftung/index.html]
[sedip.de/termine/anmeldung/musikalisch-ist-wer-sich-von-musik-beruehren-laesst-07032022-beginn-1000-uhr/index.html]
[sedip.de/media/08_der_beginn_des_denkens_1.pdf]
[sedip.de/termine/heute-gibt-es-gewitter-08042022/index.html]
[sedip.de/termine/mich-wirft-so-schnell-nichts-um-sicher-bindung-27042022/index.html]
[sedip.de/termine/tabuthema-einsamkeit-12052022/index.html]
[sedip.de/media/10_bildnerisches_gestalten_1.pdf]
[sedip.de/termine/vom-kritzeln-malen-und-zeichnen-22062022/index.html]
[sedip.de/termine/anmeldung/heute-gibt-es-gewitter-weil-die-wolken-so-wuetend-sind-die-besonderheiten-des-kindlichen-denkens-08042022-beginn-1000-uhr/index.html]
[sedip.de/termine/anmeldung/mich-wirft-so-schnell-nichts-um-emotionale-stabilitaet-durch-eine-sichere-bindung-09092021-beginn-1830-uhr/index.html]
[sedip.de/media/11_probleme_in_der_beziehungsgestaltung_1.pdf]
[sedip.de/termine/handeln-in-herausfordernden-situationen-14072022/index.html]
[sedip.de/termine/anmeldung/vom-kritzeln-malen-und-zeichnen-das-bild-aus-entwicklungsfreundlicher-perspektive-22062022-beginn-1830-uhr/index.html]
[sedip.de/angebote/fortbildungen-efb/seminar-efb-001/index.html]
[sedip.de/termine/efb-grundkurs-herrenberg-2022-2023/index.html]
[sedip.de/termine/schau-genau-hin-herbst-2022/index.html]
[sedip.de/termine/anmeldung/beziehungsweise-handeln-in-herausfordernden-situationen-ein-beitrag-unter-besonderer-beruecksichtigung-der-entwicklungsfreundlichen-beziehung-14072022-beginn-1600-uhr/index.html]
[sedip.de/anfrage/seminar-efb-001-16-tage-in-4-bloecken-verteilt-ueber-1-jahr-grundkurs-entwicklungsfreundliche-beziehung/index.html]
[sedip.de/termine/anmeldung/grundkurs-in-der-entwicklungsfreundlichen-beziehung-block-i-0609-090922-block-ii-2911-021222-block-iii-2102-240223-block-iv-13-16062023-sedip-stiftung/index.html]
[sedip.de/termine/anmeldung/schau-genau-hin-diagnostik-und-verstehen-mit-dem-entwicklungsfreundlichen-blick-06102021-beginn-0900-ende-1700-sedip/index.html]
[sedip.de/gkurs-wegweiserd12c.jpg_;]
[sedip.de/gkurs-seminar0f55.jpg_;]
[sedip.de/gkurs-sonne371e.jpg_;]
[sedip.de/unsere-basis/weiterbildung/grundkurs/index.html]
[sedip.de/martisberg-weisshornd466.jpg_;]
[sedip.de/unsere-basis/weiterbildung/aufbaukurs/index.html]
[sedip.de/indexf79d.html]
[sedip.de/archiv/entwicklung-der-stiftung-2015-2017/index.html]
[sedip.de/anfrage/bep-ki-v002-der-entwicklungsfreundliche-blick-kompetenzen-erkennen-und-entfalten/index.html]
[sedip.de/angebote/fortbildungen-efb/seminar-efb-011/index.html]
[sedip.de/angebote/fortbildungen-efb/seminar-efb-012/index.html]
[sedip.de/angebote/fortbildungen-efb/seminar-efb-021/index.html]
[sedip.de/angebote/fortbildungen-efb/seminar-efb-022/index.html]
[sedip.de/anfrage/index.html]
[sedip.de/anfrage/index87df.html]
[sedip.de/angebote/fortbildungen-efb/seminar-efb-023/index.html]
[sedip.de/angebote/fortbildungen-efb/seminar-efb-024/index.html]
[sedip.de/anfrage/index3776.html]
[sedip.de/angebote/fortbildungen-efb/seminar-efb-026/index.html]
[sedip.de/anfrage/index2da6.html]
[sedip.de/media/2021-06-17_angebotsbeschreibung_zum_download_efb_027_aggressionen.pdf]
[sedip.de/angebote/fortbildungen-efb/seminar-efb-027/index.html]
[sedip.de/media/bep-ki-k_004_farbe_erkennen_29.9.2020.pdf]
[sedip.de/angebote/fortbildungen-bep-ki/seminar-bep-ki-k-004/index.html]
[sedip.de/anfrage/index9080.html]
[sedip.de/anfrage/efb-024-zwei-tage-16-ue-das-bestimme-ich-selbst-und-die-konsequenzen/index.html]
[sedip.de/media/bep-ki-k_005_hol_mich_da_ab_30_09-2020.pdf]
[sedip.de/angebote/fortbildungen-bep-ki/seminar-bep-ki-k-005/index.html]
[sedip.de/media/2020-10-06_vp_bep-ki-k_006_hol_mich_da_ab_30_09-2020.pdf]
[sedip.de/angebote/fortbildungen-bep-ki/seminar-bep-ki-k-006/index.html]
[sedip.de/media/bep-ki-k_007_ungeloeste_entwicklungsaufgaben..._28-09-2020.pdf]
[sedip.de/angebote/fortbildungen-bep-ki/seminar-bep-ki-k-007/index.html]
[sedip.de/media/bep-ki-k_008_ungeloeste_entwicklungsaufgaben...28-09-2020.pdf]
[sedip.de/angebote/fortbildungen-bep-ki/seminar-bep-ki-k-008/index.html]
[sedip.de/anfrage/seminar-bep-ki-k-004-2-tage-farbe-erkennen-bei-der-entwicklungsdiagnostik/index.html]
[sedip.de/media/2021-06-21_angebotsbeschreibung_zum_download_bep-ki-k_010_schau_genau_hin.pdf]
[sedip.de/angebote/fortbildungen-bep-ki/seminar-bep-ki-k-010/index.html]
[sedip.de/anfrage/bep-ki-w001-der-entwicklungsfreundliche-blick-kompetenzen-erkennen-und-entfalten/index.html]
[sedip.de/anfrage/bep-ki-w002-entwicklungsfreundliche-diagnostik/index.html]
[sedip.de/anfrage/bep-ki-w003-das-bep-ki-ein-instrument-zur-erfassung-des-entwicklungsstandes-planung-paedagogischer-interventionen-und-dokumentation-von-entwicklungsschritten/index.html]
[sedip.de/anfrage/indexb9d6.html]
[sedip.de/anfrage/index7920.html]
[sedip.de/media/2021-01-27_vp_rundbrief_nr_13.pdf]
[sedip.de/media/2020-09-30_vp_rundbrief_nr_12.pdf]
[sedip.de/media/2020-05-31_vp_rundbrief_nr.11.pdf]
[sedip.de/media/2020-01_vp_rundbrief_nr._10.pdf]
[sedip.de/media/2019-09_vp_rundbrief_nr_9_final.pdf]
[sedip.de/media/2019-05-28_vp_sedip_rundbrief_nr.8_final.pdf]
[sedip.de/media/2019-02-22_vp_sedip_rundbrief_nr.7_final.pdf]
[sedip.de/media/2018-10-04_vp_rundbrief_nr_6_final.pdf]
[sedip.de/media/2018-06-05_vp_rundbrief_nr._5.pdf]
[sedip.de/media/2018-01-22_vp_sedip_rundbrief_nr.4.pdf]
[sedip.de/redaxo/media/2017-09-12_vp_rundbrief_nr_3_september_2017.pdf]
[sedip.de/redaxo/2017-04-18_khs_sedip_rundbrief_nr_2.pdf]
[sedip.de/redaxo/sedip_rundbriefdezember2016.pdf]
[sedip.de/archiv/rundbriefe-archiv/index.html]
[sedip.de/redaxo/index7390.css]
[sedip.de/redaxo/index395a.css]
[sedip.de/redaxo/index7f4a.css]
[sedip.de/redaxo/index7245.php]
[sedip.de/redaxo/indexc348.php]
[sedip.de/redaxo/index71fa.php]
[sedip.de/redaxo/index7c17.php]
[sedip.de/redaxo/indexe0d5.php]
[sedip.de/redaxo/index57a1.php]
[sedip.de/redaxo/index1534.php]
[sedip.de/redaxo/index8053.php]
[sedip.de/redaxo/index9598.php]
[sedip.de/redaxo/index8e9a.php]
[sedip.de/assets/addons/tinymce4/tinymce/tinymce.minc1b8.js]
[sedip.de/assets/addons/be_style/plugins/redaxo/icons/apple-touch-icon.png]
[sedip.de/assets/addons/be_style/plugins/redaxo/icons/favicon-32x32.png]
[sedip.de/assets/addons/be_style/plugins/redaxo/icons/favicon-16x16.png]
[sedip.de/assets/addons/be_style/plugins/redaxo/icons/safari-pinned-tab.svg]
[sedip.de/redaxo/index.html]
[sedip.de/assets/core/redaxo-logo.svg]
[sedip.de/redaxo/indexb554.html]
[sedip.de/termine/anmeldung/dann-ist-es-ploetzlich-wieder-da-traumafolgestoerungen-entwicklungsfreundlich-begegnen-08022022-beginn-1600-uhr/index.html]
[sedip.de/termine/anmeldung/index.html]
[sedip.de/media/02_die_angst_im_nacken_1.pdf]
[sedip.de/termine/die-angst-im-nacken-15102021/index.html]
[sedip.de/termine/anmeldung/begreifen-kommt-von-greifen-wie-kann-ich-mit-sensomotorischer-intelligenz-die-welt-verstehen-18112021-beginn-1630-uhr/index.html]
[sedip.de/termine/anmeldung/prinzipien-der-entwicklungspsychologisch-orientierten-diagnostik-19-20112021-beginn-0000-ende0000-uhr-eah/index.html]
[sedip.de/termine/anmeldung/rudern-zwei-ein-boot-das-spannungsfeld-von-bindungs-und-autonomiebeduerfnissen-02122021-beginn-1600-uhr/index.html]
[sedip.de/indexa0f4.html]
[sedip.de/termine/anmeldung/entwicklungschancen-eroeffnen-fuer-menschen-mit-besonderem-betreuungsbedarf-25012022-beginn-0900-uhr-ende-1700-uhr-sedip/index.html]
[sedip.de/termine/anmeldung/hol-mich-da-ab-wo-ich-stehe-diagnostik-mit-dem-entwicklungsfreundlichen-blick-26012022-beginn-900-uhr-ende-1700-uhr-sedip-stiftung/index.html]
[sedip.de/termine/anmeldung/leben-lernen-und-arbeiten-in-gruppen-problem-motivation-oder-beides-27012022-beginn-1630-uhr/index.html]
[sedip.de/termine/anmeldung/musikalisch-ist-wer-sich-von-musik-beruehren-laesst-07032022-beginn-1000-uhr/index.html]
[sedip.de/termine/anmeldung/das-trau-ich-mir-zu-methodisch-didaktische-prinzipien-der-gestaltung-von-seminaren-voraussichtlich-maerz-2022-sedip-stiftung/index.html]
[sedip.de/termine/anmeldung/heute-gibt-es-gewitter-weil-die-wolken-so-wuetend-sind-die-besonderheiten-des-kindlichen-denkens-08042022-beginn-1000-uhr/index.html]
[sedip.de/termine/anmeldung/mich-wirft-so-schnell-nichts-um-emotionale-stabilitaet-durch-eine-sichere-bindung-09092021-beginn-1830-uhr/index.html]
[sedip.de/termine/anmeldung/vom-kritzeln-malen-und-zeichnen-das-bild-aus-entwicklungsfreundlicher-perspektive-22062022-beginn-1830-uhr/index.html]
[sedip.de/termine/anmeldung/beziehungsweise-handeln-in-herausfordernden-situationen-ein-beitrag-unter-besonderer-beruecksichtigung-der-entwicklungsfreundlichen-beziehung-14072022-beginn-1600-uhr/index.html]
[sedip.de/anfrage/seminar-efb-001-16-tage-in-4-bloecken-verteilt-ueber-1-jahr-grundkurs-entwicklungsfreundliche-beziehung/index.html]
[sedip.de/termine/anmeldung/grundkurs-in-der-entwicklungsfreundlichen-beziehung-block-i-0609-090922-block-ii-2911-021222-block-iii-2102-240223-block-iv-13-16062023-sedip-stiftung/index.html]
[sedip.de/termine/anmeldung/schau-genau-hin-diagnostik-und-verstehen-mit-dem-entwicklungsfreundlichen-blick-06102021-beginn-0900-ende-1700-sedip/index.html]
[sedip.de/anfrage/index.html]
[sedip.de/anfrage/index87df.html]
[sedip.de/anfrage/index3776.html]
[sedip.de/anfrage/index2da6.html]
[sedip.de/anfrage/index9080.html]
[sedip.de/anfrage/efb-024-zwei-tage-16-ue-das-bestimme-ich-selbst-und-die-konsequenzen/index.html]
[sedip.de/anfrage/seminar-bep-ki-k-004-2-tage-farbe-erkennen-bei-der-entwicklungsdiagnostik/index.html]
[sedip.de/redaxo/media/2017-09-12_vp_rundbrief_nr_3_september_2017.html]
[sedip.de/redaxo/2017-04-18_khs_sedip_rundbrief_nr_2.html]
[sedip.de/redaxo/sedip_rundbriefdezember2016.html]
[sedip.de/termine/anmeldung/die-angst-im-nacken-ein-entwicklungsfreundlicher-blick-auf-die-angst-15102021-beginn-1600-uhr/index.html]
[sedip.de/assets/addons/be_style/fonts/bootstrap/glyphicons-halflings-regular.eot]
[sedip.de/assets/addons/be_style/fonts/bootstrap/glyphicons-halflings-regulard41d.eot]
[sedip.de/assets/addons/be_style/fonts/bootstrap/glyphicons-halflings-regular.woff2]
[sedip.de/assets/addons/be_style/fonts/bootstrap/glyphicons-halflings-regular.woff]
[sedip.de/assets/addons/be_style/fonts/bootstrap/glyphicons-halflings-regular.ttf]
[sedip.de/assets/addons/be_style/fonts/bootstrap/glyphicons-halflings-regular.svg]
[sedip.de/assets/addons/be_style/fonts/fontawesome-webfont3e6e.eot]
[sedip.de/assets/addons/be_style/fonts/fontawesome-webfont3e6e.woff2]
[sedip.de/assets/addons/be_style/fonts/fontawesome-webfontd41d.eot]
[sedip.de/assets/addons/be_style/fonts/fontawesome-webfont3e6e.woff]
[sedip.de/redaxo/index7390.css]
[sedip.de/redaxo/index395a.css]
[sedip.de/redaxo/index7f4a.css]
[sedip.de/assets/addons/be_style/plugins/redaxo/icons/site.html]
[sedip.de/assets/addons/be_style/plugins/redaxo/icons/safari-pinned-tab.svg]
[sedip.de/redaxo/index.html]
[sedip.de/assets/core/redaxo-logo.svg]
[sedip.de/termine/anmeldung/index.html]
[sedip.de/termine/anmeldung/die-angst-im-nacken-ein-entwicklungsfreundlicher-blick-auf-die-angst-15102021-beginn-1600-uhr/index.html]
[sedip.de/assets/addons/be_style/fonts/bootstrap/glyphicons-halflings-regular.svg]
[sedip.de/assets/addons/be_style/fonts/fontawesome-webfont3e6e.ttf]
[sedip.de/assets/addons/be_style/fonts/fontawesome-webfont3e6e.svg]
[sedip.de/assets/addons/be_style/fonts/fontawesome-webfont3e6e.svg]
